// Jest Snapshot v1, https://goo.gl/fbAQLP

exports[`renders correctly 1`] = `
<View
  style={
    Object {
      "flex": 1,
    }
  }
>
  <View
    style={
      Object {
        "alignItems": "center",
        "flexDirection": "row",
        "justifyContent": "space-between",
        "marginBottom": 0,
        "marginTop": 0,
      }
    }
  >
    <View
      style={
        Object {
          "width": 50,
        }
      }
    >
      <Text />
    </View>
    <View
      style={
        Object {
          "width": 50,
        }
      }
    />
    <View
      style={
        Object {
          "width": 50,
        }
      }
    >
      <View
        style={
          Object {
            "marginTop": 0,
          }
        }
      >
        <Modal
          animationType="slide"
          hardwareAccelerated={false}
          onRequestClose={[Function]}
          transparent={false}
          visible={false}
        >
          <View
            style={
              Object {
                "marginTop": 0,
              }
            }
          >
            <View>
              <View
                accessible={true}
                isTVSelectable={true}
                onResponderGrant={[Function]}
                onResponderMove={[Function]}
                onResponderRelease={[Function]}
                onResponderTerminate={[Function]}
                onResponderTerminationRequest={[Function]}
                onStartShouldSetResponder={[Function]}
                style={
                  Object {
                    "opacity": 1,
                    "zIndex": 100,
                  }
                }
              >
                <Text
                  style={
                    Object {
                      "color": "#00000088",
                      "fontSize": 30,
                      "fontWeight": "bold",
                      "paddingRight": 30,
                      "textAlign": "right",
                      "top": 45,
                    }
                  }
                >
                  x
                </Text>
              </View>
              <View
                style={
                  Object {
                    "flex": 1,
                    "paddingLeft": 0,
                    "paddingRight": 0,
                    "paddingTop": 10,
                  }
                }
              >
                <View
                  style={
                    Object {
                      "height": 30,
                    }
                  }
                >
                  <View
                    style={
                      Object {
                        "flex": 1,
                        "flexDirection": "row",
                        "justifyContent": "space-between",
                      }
                    }
                  >
                    <Text />
                    <Text
                      style={
                        Object {
                          "fontSize": 30,
                        }
                      }
                    >
                       Your Cart 
                    </Text>
                    <View
                      accessible={true}
                      isTVSelectable={true}
                      onResponderGrant={[Function]}
                      onResponderMove={[Function]}
                      onResponderRelease={[Function]}
                      onResponderTerminate={[Function]}
                      onResponderTerminationRequest={[Function]}
                      onStartShouldSetResponder={[Function]}
                      style={
                        Object {
                          "opacity": 1,
                        }
                      }
                    >
                      <Text />
                    </View>
                  </View>
                </View>
                <View
                  style={
                    Object {
                      "height": 500,
                    }
                  }
                />
                <View
                  style={
                    Object {
                      "height": 40,
                    }
                  }
                >
                  <View
                    style={
                      Object {
                        "flex": 1,
                        "flexDirection": "row",
                        "justifyContent": "space-between",
                        "paddingLeft": 30,
                        "paddingRight": 30,
                      }
                    }
                  >
                    <Text
                      style={
                        Object {
                          "fontSize": 20,
                        }
                      }
                    >
                      SUBTOTAL
                    </Text>
                    <Text
                      style={
                        Object {
                          "fontSize": 20,
                          "fontWeight": "bold",
                        }
                      }
                    >
                      $ 
                    </Text>
                  </View>
                </View>
                <View
                  style={
                    Object {
                      "height": 40,
                    }
                  }
                >
                  <View
                    style={
                      Object {
                        "flex": 1,
                        "flexDirection": "row",
                        "justifyContent": "space-between",
                        "paddingLeft": 30,
                        "paddingRight": 30,
                      }
                    }
                  >
                    <Text
                      style={
                        Object {
                          "fontSize": 20,
                        }
                      }
                    >
                      TAX
                    </Text>
                    <Text
                      style={
                        Object {
                          "fontSize": 20,
                          "fontWeight": "bold",
                        }
                      }
                    >
                      $ 
                    </Text>
                  </View>
                </View>
                <View
                  style={
                    Object {
                      "height": 40,
                    }
                  }
                >
                  <View
                    style={
                      Object {
                        "flex": 1,
                        "flexDirection": "row",
                        "justifyContent": "space-between",
                        "paddingLeft": 30,
                        "paddingRight": 30,
                      }
                    }
                  >
                    <Text
                      style={
                        Object {
                          "fontSize": 20,
                        }
                      }
                    >
                      Total
                    </Text>
                    <Text
                      style={
                        Object {
                          "fontSize": 20,
                          "fontWeight": "bold",
                        }
                      }
                    >
                      $ 
                    </Text>
                  </View>
                </View>
                <View
                  accessible={true}
                  isTVSelectable={true}
                  onResponderGrant={[Function]}
                  onResponderMove={[Function]}
                  onResponderRelease={[Function]}
                  onResponderTerminate={[Function]}
                  onResponderTerminationRequest={[Function]}
                  onStartShouldSetResponder={[Function]}
                  style={
                    Object {
                      "alignItems": "center",
                      "backgroundColor": "#000",
                      "height": 50,
                      "justifyContent": "center",
                      "marginLeft": 20,
                      "marginRight": 20,
                      "opacity": 1,
                      "padding": 10,
                    }
                  }
                >
                  <Text
                    style={
                      Object {
                        "color": "#fff",
                      }
                    }
                  >
                    Checkout
                  </Text>
                </View>
              </View>
            </View>
          </View>
        </Modal>
        <View
          accessible={true}
          isTVSelectable={true}
          onResponderGrant={[Function]}
          onResponderMove={[Function]}
          onResponderRelease={[Function]}
          onResponderTerminate={[Function]}
          onResponderTerminationRequest={[Function]}
          onStartShouldSetResponder={[Function]}
          style={
            Object {
              "opacity": 1,
            }
          }
        >
          <Text />
        </View>
      </View>
    </View>
  </View>
</View>
`;
